[2026-01-12 20:27:38] ================================================================================
[2026-01-12 20:27:38] STATEPOINT ECHO
[2026-01-12 20:27:38] ================================================================================
[2026-01-12 20:27:38] Reaction: A⇌2D
[2026-01-12 20:27:38] Stoichiometry: 1A +2D
[2026-01-12 20:27:38] Ensemble: NPT Reaction Ensemble MC (REMC)
[2026-01-12 20:27:38] Seed: 12345
[2026-01-12 20:27:38] T = 2.0
[2026-01-12 20:27:38] P = 5.0
[2026-01-12 20:27:38] rc = 2.5
[2026-01-12 20:27:38] LJ model: shifted (cut-and-shifted)
[2026-01-12 20:27:38] LRC: false
[2026-01-12 20:27:38] Mixing rule: Lorentz-Berthelot (σ_ab = (σ_a + σ_b)/2, ε_ab = sqrt(ε_a * ε_b))
[2026-01-12 20:27:38] 
[2026-01-12 20:27:38] Species parameters:
[2026-01-12 20:27:38]   A: σ=1.0, ε=1.0, q=0.002, logq=-6.214608
[2026-01-12 20:27:38]   D: σ=1.0, ε=1.0, q=0.02, logq=-3.912023
[2026-01-12 20:27:38] 
[2026-01-12 20:27:38] Initial composition:
[2026-01-12 20:27:38]   N_A = 400
[2026-01-12 20:27:38]   N_D = 0
[2026-01-12 20:27:38] Initial density guess: 0.75
[2026-01-12 20:27:38] 
[2026-01-12 20:27:38] Move parameters:
[2026-01-12 20:27:38]   Translation: max_disp = 0.1
[2026-01-12 20:27:38]   Volume: max_dlnV = 0.01, every 10 sweeps
[2026-01-12 20:27:38]   Reaction: p_reaction = 1.0 per sweep
[2026-01-12 20:27:38] 
[2026-01-12 20:27:38] Run lengths:
[2026-01-12 20:27:38]   Equilibration: 20000 sweeps
[2026-01-12 20:27:38]   Production: 10000 sweeps
[2026-01-12 20:27:38]   Sample every: 10
[2026-01-12 20:27:38]   Block size: 50
[2026-01-12 20:27:38] ================================================================================
[2026-01-12 20:27:38] 
[2026-01-12 20:27:38] Equilibration: 20000 sweeps...
[2026-01-12 20:29:16] Equilibration completed in 97.39 seconds
[2026-01-12 20:29:16] Production: 10000 sweeps...
[2026-01-12 20:30:05] Production completed in 49.54 seconds
[2026-01-12 20:30:05] 
[2026-01-12 20:30:05] Results:
[2026-01-12 20:30:05] --------------------------------------------------------------------------------
[2026-01-12 20:30:05] Species | Mean N | StdErr N
[2026-01-12 20:30:05] --------------------------------------------------------------------------------
[2026-01-12 20:30:05] A       |   398.26 |     0.17
[2026-01-12 20:30:05] D       |     3.47 |     0.34
[2026-01-12 20:30:05] V       | 524.6808 |   0.8335
[2026-01-12 20:30:05] ρ_total |   0.7657 |   0.0012
[2026-01-12 20:30:05] --------------------------------------------------------------------------------
[2026-01-12 20:30:05] Acceptance rates:
[2026-01-12 20:30:05]   Translation: 0.5937
[2026-01-12 20:30:05]   Volume: 0.778
[2026-01-12 20:30:05]   Reaction: 0.0093
[2026-01-12 20:30:05]   Reaction Forward (A→2D): attempts=4919, accepted=44, rate=0.0089
[2026-01-12 20:30:05]   Reaction Reverse (2D→A): attempts=4614, accepted=45, rate=0.0098
[2026-01-12 20:30:05] Timing (seconds):
[2026-01-12 20:30:05]   Initialization: 0.0
[2026-01-12 20:30:05]   Equilibration: 97.39
[2026-01-12 20:30:05]   Production: 49.54
[2026-01-12 20:30:05]   Total: 146.94
[2026-01-12 20:30:05] 
[2026-01-12 20:30:05] ================================================================================
[2026-01-12 20:30:05] FINAL SUMMARY
[2026-01-12 20:30:05] ================================================================================
[2026-01-12 20:30:05] Species counts:
[2026-01-12 20:30:05]   N_A = 398.26 ± 0.17
[2026-01-12 20:30:05]   N_D = 3.47 ± 0.34
[2026-01-12 20:30:05] Total density: ρ_total = 0.7657 ± 0.0012
[2026-01-12 20:30:05] Acceptance rates: translation=0.594, volume=0.778, reaction=0.009
[2026-01-12 20:30:05] Wall time: init=0.0s, equil=97.39s, prod=49.54s, total=146.94s
[2026-01-12 20:30:05] 
[2026-01-12 20:30:05] ================================================================================
[2026-01-12 20:30:05] REACTION INSTRUMENTATION
[2026-01-12 20:30:05] ================================================================================
[2026-01-12 20:30:05] forward_committed: 44
[2026-01-12 20:30:05] reverse_committed: 45
[2026-01-12 20:30:05] immediate_undo: 0
[2026-01-12 20:30:05] max_N_D: 12
[2026-01-12 20:30:05] 
[2026-01-12 20:30:05] ================================================================================
[2026-01-12 20:30:05] THESIS COMPARISON (Table 3.2 ReKMC row)
[2026-01-12 20:30:05] ================================================================================
[2026-01-12 20:30:05] Quantity      | Measured      | Target        | % Error
[2026-01-12 20:30:05] --------------------------------------------------------------------------------
[2026-01-12 20:30:05] N_A           |        398.26 |         372.2 |    7.0%
[2026-01-12 20:30:05] N_D           |          3.47 |          55.7 |  93.77%
[2026-01-12 20:30:05] ρ_total       |        0.7657 |         0.766 |   0.04%
[2026-01-12 20:30:05] --------------------------------------------------------------------------------
[2026-01-12 20:30:05] 
[2026-01-12 20:30:05] JSON output written to: results\table3_2_A⇌2D_seed12345.json
[2026-01-12 20:30:05] 
