[2026-01-12 20:25:13] ================================================================================
[2026-01-12 20:25:13] STATEPOINT ECHO
[2026-01-12 20:25:13] ================================================================================
[2026-01-12 20:25:13] Reaction: A⇌D+E
[2026-01-12 20:25:13] Stoichiometry: 1A +1D +1E
[2026-01-12 20:25:13] Ensemble: NPT Reaction Ensemble MC (REMC)
[2026-01-12 20:25:13] Seed: 12345
[2026-01-12 20:25:13] T = 2.0
[2026-01-12 20:25:13] P = 5.0
[2026-01-12 20:25:13] rc = 2.5
[2026-01-12 20:25:13] LJ model: shifted (cut-and-shifted)
[2026-01-12 20:25:13] LRC: false
[2026-01-12 20:25:13] Mixing rule: Lorentz-Berthelot (σ_ab = (σ_a + σ_b)/2, ε_ab = sqrt(ε_a * ε_b))
[2026-01-12 20:25:13] 
[2026-01-12 20:25:13] Species parameters:
[2026-01-12 20:25:13]   A: σ=1.0, ε=1.0, q=0.002, logq=-6.214608
[2026-01-12 20:25:13]   D: σ=1.0, ε=1.0, q=0.02, logq=-3.912023
[2026-01-12 20:25:13]   E: σ=1.1, ε=0.9, q=0.02, logq=-3.912023
[2026-01-12 20:25:13] 
[2026-01-12 20:25:13] Initial composition:
[2026-01-12 20:25:13]   N_A = 400
[2026-01-12 20:25:13]   N_D = 0
[2026-01-12 20:25:13]   N_E = 0
[2026-01-12 20:25:13] Initial density guess: 0.75
[2026-01-12 20:25:13] 
[2026-01-12 20:25:13] Move parameters:
[2026-01-12 20:25:13]   Translation: max_disp = 0.1
[2026-01-12 20:25:13]   Volume: max_dlnV = 0.01, every 10 sweeps
[2026-01-12 20:25:13]   Reaction: p_reaction = 1.0 per sweep
[2026-01-12 20:25:13] 
[2026-01-12 20:25:13] Run lengths:
[2026-01-12 20:25:13]   Equilibration: 20000 sweeps
[2026-01-12 20:25:13]   Production: 10000 sweeps
[2026-01-12 20:25:13]   Sample every: 10
[2026-01-12 20:25:13]   Block size: 50
[2026-01-12 20:25:13] ================================================================================
[2026-01-12 20:25:13] 
[2026-01-12 20:25:13] Equilibration: 20000 sweeps...
[2026-01-12 20:26:49] Equilibration completed in 96.63 seconds
[2026-01-12 20:26:49] Production: 10000 sweeps...
[2026-01-12 20:27:38] Production completed in 48.92 seconds
[2026-01-12 20:27:38] 
[2026-01-12 20:27:38] Results:
[2026-01-12 20:27:38] --------------------------------------------------------------------------------
[2026-01-12 20:27:38] Species | Mean N | StdErr N
[2026-01-12 20:27:38] --------------------------------------------------------------------------------
[2026-01-12 20:27:38] A       |   397.94 |      0.2
[2026-01-12 20:27:38] D       |     2.06 |      0.2
[2026-01-12 20:27:38] E       |     2.06 |      0.2
[2026-01-12 20:27:38] V       | 527.6618 |   1.1441
[2026-01-12 20:27:38] ρ_total |    0.762 |   0.0017
[2026-01-12 20:27:38] --------------------------------------------------------------------------------
[2026-01-12 20:27:38] Acceptance rates:
[2026-01-12 20:27:38]   Translation: 0.5964
[2026-01-12 20:27:38]   Volume: 0.751
[2026-01-12 20:27:38]   Reaction: 0.0059
[2026-01-12 20:27:38]   Reaction Forward (A→D+E): attempts=4918, accepted=30, rate=0.0061
[2026-01-12 20:27:38]   Reaction Reverse (D+E→A): attempts=4903, accepted=28, rate=0.0057
[2026-01-12 20:27:38] Timing (seconds):
[2026-01-12 20:27:38]   Initialization: 0.0
[2026-01-12 20:27:38]   Equilibration: 96.63
[2026-01-12 20:27:38]   Production: 48.92
[2026-01-12 20:27:38]   Total: 145.55
[2026-01-12 20:27:38] 
[2026-01-12 20:27:38] ================================================================================
[2026-01-12 20:27:38] FINAL SUMMARY
[2026-01-12 20:27:38] ================================================================================
[2026-01-12 20:27:38] Species counts:
[2026-01-12 20:27:38]   N_A = 397.94 ± 0.2
[2026-01-12 20:27:38]   N_D = 2.06 ± 0.2
[2026-01-12 20:27:38]   N_E = 2.06 ± 0.2
[2026-01-12 20:27:38] Total density: ρ_total = 0.762 ± 0.0017
[2026-01-12 20:27:38] Acceptance rates: translation=0.596, volume=0.751, reaction=0.006
[2026-01-12 20:27:38] Wall time: init=0.0s, equil=96.63s, prod=48.92s, total=145.55s
[2026-01-12 20:27:38] 
[2026-01-12 20:27:38] ================================================================================
[2026-01-12 20:27:38] REACTION INSTRUMENTATION
[2026-01-12 20:27:38] ================================================================================
[2026-01-12 20:27:38] forward_committed: 30
[2026-01-12 20:27:38] reverse_committed: 28
[2026-01-12 20:27:38] immediate_undo: 0
[2026-01-12 20:27:38] max_N_D: 5
[2026-01-12 20:27:38] max_N_E: 5
[2026-01-12 20:27:38] 
[2026-01-12 20:27:38] ================================================================================
[2026-01-12 20:27:38] THESIS COMPARISON (Table 3.2 ReKMC row)
[2026-01-12 20:27:38] ================================================================================
[2026-01-12 20:27:38] Quantity      | Measured      | Target        | % Error
[2026-01-12 20:27:38] --------------------------------------------------------------------------------
[2026-01-12 20:27:38] N_A           |        397.94 |         367.4 |   8.31%
[2026-01-12 20:27:38] N_D           |          2.06 |          32.6 |   93.7%
[2026-01-12 20:27:38] N_E           |          2.06 |          32.6 |   93.7%
[2026-01-12 20:27:38] ρ_total       |         0.762 |         0.751 |   1.46%
[2026-01-12 20:27:38] --------------------------------------------------------------------------------
[2026-01-12 20:27:38] 
[2026-01-12 20:27:38] JSON output written to: results\table3_2_A⇌D+E_seed12345.json
[2026-01-12 20:27:38] 
