[2026-01-14 01:34:49] ================================================================================
[2026-01-14 01:34:49] STATEPOINT ECHO
[2026-01-14 01:34:49] ================================================================================
[2026-01-14 01:34:49] Reaction: A⇌D+F
[2026-01-14 01:34:49] Stoichiometry: 1A +1D +1F
[2026-01-14 01:34:49] Ensemble: NPT Reaction Ensemble MC (REMC)
[2026-01-14 01:34:49] Seed: 12345
[2026-01-14 01:34:49] T = 2.0
[2026-01-14 01:34:49] P = 5.0
[2026-01-14 01:34:49] rc = 2.5
[2026-01-14 01:34:49] LJ model: shifted (cut-and-shifted)
[2026-01-14 01:34:49] LRC: false
[2026-01-14 01:34:49] Mixing rule: Lorentz-Berthelot (σ_ab = (σ_a + σ_b)/2, ε_ab = sqrt(ε_a * ε_b))
[2026-01-14 01:34:49] 
[2026-01-14 01:34:49] Species parameters:
[2026-01-14 01:34:49]   A: σ=1.0, ε=1.0, q=0.002, logq=-6.214608
[2026-01-14 01:34:49]   D: σ=1.0, ε=1.0, q=0.02, logq=-3.912023
[2026-01-14 01:34:49]   F: σ=1.0, ε=1.0, q=0.02, logq=-3.912023
[2026-01-14 01:34:49] 
[2026-01-14 01:34:49] Initial composition:
[2026-01-14 01:34:49]   N_A = 400
[2026-01-14 01:34:49]   N_D = 0
[2026-01-14 01:34:49]   N_F = 0
[2026-01-14 01:34:49] Initial density guess: 0.75
[2026-01-14 01:34:49] 
[2026-01-14 01:34:49] Move parameters:
[2026-01-14 01:34:49]   Translation: max_disp = 0.1
[2026-01-14 01:34:49]   Volume: max_dlnV = 0.01, every 10 sweeps
[2026-01-14 01:34:49]   Reaction: p_reaction = 1.0 per sweep
[2026-01-14 01:34:49] 
[2026-01-14 01:34:49] Run lengths:
[2026-01-14 01:34:49]   Equilibration: 10000 sweeps
[2026-01-14 01:34:49]   Production: 10000 sweeps
[2026-01-14 01:34:49]   Sample every: 10
[2026-01-14 01:34:49]   Block size: 50
[2026-01-14 01:34:49] ================================================================================
[2026-01-14 01:34:49] 
[2026-01-14 01:34:49] 
[2026-01-14 01:34:49] Insertion mode settings:
[2026-01-14 01:34:49]   CLI insertion_mode: standard_remc
[2026-01-14 01:34:49]   Effective insertion_mode for A⇌D+F: standard_remc
[2026-01-14 01:34:49] Equilibration: 10000 sweeps...
[2026-01-14 01:35:34] Equilibration completed in 45.05 seconds
[2026-01-14 01:35:34] 
[2026-01-14 01:35:34] ================================================================================
[2026-01-14 01:35:34] DB AUDIT: First accepted FORWARD move (A→D+F)
[2026-01-14 01:35:34] ================================================================================
[2026-01-14 01:35:34] Insertion mode used: standard_remc
[2026-01-14 01:35:34] Proposal mode used: com_insert
[2026-01-14 01:35:34] N_before: [400, 0, 0]
[2026-01-14 01:35:34] N_after: [399, 1, 1]
[2026-01-14 01:35:34] V: 533.333333
[2026-01-14 01:35:34] ΔU: -2.289541
[2026-01-14 01:35:34] β: 0.5
[2026-01-14 01:35:34] log_combo: 5.9914645471
[2026-01-14 01:35:34] logq_term: -1.6094379124
[2026-01-14 01:35:34] vol_term: 6.2791466196
[2026-01-14 01:35:34] logK_term: 0.0
[2026-01-14 01:35:34] log_prop_ratio: 12.2706111667
[2026-01-14 01:35:34] Forward proposal terms:
[2026-01-14 01:35:34]   select_A: -5.9914645471
[2026-01-14 01:35:34]   place_D_at_A_position: 0.0
[2026-01-14 01:35:34]   place_F_uniform_box: -6.2791466196
[2026-01-14 01:35:34]   log_q_forward_total: -12.2706111667
[2026-01-14 01:35:34] Reverse proposal terms:
[2026-01-14 01:35:34]   select_D: -0.0
[2026-01-14 01:35:34]   select_F: -0.0
[2026-01-14 01:35:34]   place_A_at_D_position: 0.0
[2026-01-14 01:35:34]   log_q_reverse_total: -0.0
[2026-01-14 01:35:34] logα_total: 24.0765550636
[2026-01-14 01:35:34] log_pi_ratio: 11.805943897
[2026-01-14 01:35:34] log_g_ratio: 12.2706111667
[2026-01-14 01:35:34] residual: 0.0
[2026-01-14 01:35:34] logα_used: 24.0765550636
[2026-01-14 01:35:34] DB_AUDIT_PASS: Forward move assertions passed
[2026-01-14 01:35:34] 
[2026-01-14 01:35:34] ================================================================================
[2026-01-14 01:35:34] DB AUDIT: First accepted REVERSE move (D+F→A)
[2026-01-14 01:35:34] ================================================================================
[2026-01-14 01:35:34] Insertion mode used: standard_remc
[2026-01-14 01:35:34] Proposal mode used: com_insert
[2026-01-14 01:35:34] N_before: [399, 1, 1]
[2026-01-14 01:35:34] N_after: [400, 0, 0]
[2026-01-14 01:35:34] V: 533.333333
[2026-01-14 01:35:34] ΔU: 3.923045
[2026-01-14 01:35:34] β: 0.5
[2026-01-14 01:35:34] log_combo: -5.9914645471
[2026-01-14 01:35:34] logq_term: 1.6094379124
[2026-01-14 01:35:34] vol_term: -6.2791466196
[2026-01-14 01:35:34] logK_term: 0.0
[2026-01-14 01:35:34] log_prop_ratio: 12.2706111667
[2026-01-14 01:35:34] Forward proposal terms:
[2026-01-14 01:35:34]   select_A: -5.9914645471
[2026-01-14 01:35:34]   place_D_at_A_position: 0.0
[2026-01-14 01:35:34]   place_F_uniform_box: -6.2791466196
[2026-01-14 01:35:34]   log_q_forward_total: -12.2706111667
[2026-01-14 01:35:34] Reverse proposal terms:
[2026-01-14 01:35:34]   select_D: -0.0
[2026-01-14 01:35:34]   select_F: -0.0
[2026-01-14 01:35:34]   place_A_at_D_position: 0.0
[2026-01-14 01:35:34]   log_q_reverse_total: -0.0
[2026-01-14 01:35:34] logα_total: -0.3520844311
[2026-01-14 01:35:34] log_pi_ratio: -12.6226955978
[2026-01-14 01:35:34] log_g_ratio: 12.2706111667
[2026-01-14 01:35:34] residual: -0.0
[2026-01-14 01:35:34] logα_used: -0.3520844311
[2026-01-14 01:35:34] DB_AUDIT_PASS: Reverse move assertions passed
[2026-01-14 01:35:34] STATE_FINGERPRINT_EQUIL_END: seed=12345 sweep=10000 N_A=400 N_D=0 N_F=0 V=527.93794 rho_total=0.757665 L=8.082163 hash=6351414463189283745
[2026-01-14 01:35:34] RNG_FINGERPRINT_EQUIL_END: token=(13214401370164182161, 16778567757276360189, 7433576017129277448, 15300188832337422980)
[2026-01-14 01:35:34] STATE_FINGERPRINT_PROD_START: seed=12345 sweep=0 N_A=400 N_D=0 N_F=0 V=527.93794 rho_total=0.757665 L=8.082163 hash=6351414463189283745
[2026-01-14 01:35:34] RNG_FINGERPRINT_PROD_START: token=(13214401370164182161, 16778567757276360189, 7433576017129277448, 15300188832337422980)
[2026-01-14 01:35:34] Production: 10000 sweeps...
[2026-01-14 01:36:19] Production completed in 44.81 seconds
[2026-01-14 01:36:19] 
[2026-01-14 01:36:19] Results:
[2026-01-14 01:36:19] --------------------------------------------------------------------------------
[2026-01-14 01:36:19] Species | Mean N | StdErr N
[2026-01-14 01:36:19] --------------------------------------------------------------------------------
[2026-01-14 01:36:19] A       |   399.93 |     0.02
[2026-01-14 01:36:19] D       |     0.07 |     0.02
[2026-01-14 01:36:19] F       |     0.07 |     0.02
[2026-01-14 01:36:19] V       |  521.952 |    0.664
[2026-01-14 01:36:19] ρ_total |   0.7665 |    0.001
[2026-01-14 01:36:19] --------------------------------------------------------------------------------
[2026-01-14 01:36:19] Acceptance rates:
[2026-01-14 01:36:19]   Translation: 0.5935
[2026-01-14 01:36:19]   Volume: 0.788
[2026-01-14 01:36:19]   Reaction: 0.05
[2026-01-14 01:36:19]   Reaction Forward (A→B): attempts=4991, accepted=134, rate=0.0268
[2026-01-14 01:36:19]   Reaction Reverse (B→A): attempts=366, accepted=134, rate=0.3661
[2026-01-14 01:36:19] Timing (seconds):
[2026-01-14 01:36:19]   Initialization: 0.0
[2026-01-14 01:36:19]   Equilibration: 45.05
[2026-01-14 01:36:19]   Production: 44.81
[2026-01-14 01:36:19]   Total: 89.93
[2026-01-14 01:36:19] 
[2026-01-14 01:36:19] ================================================================================
[2026-01-14 01:36:19] FINAL SUMMARY
[2026-01-14 01:36:19] ================================================================================
[2026-01-14 01:36:19] Species counts:
[2026-01-14 01:36:19]   N_A = 399.93 ± 0.02
[2026-01-14 01:36:19]   N_D = 0.07 ± 0.02
[2026-01-14 01:36:19]   N_F = 0.07 ± 0.02
[2026-01-14 01:36:19] Total density: ρ_total = 0.7665 ± 0.001
[2026-01-14 01:36:19] Acceptance rates: translation=0.593, volume=0.788, reaction=0.05
[2026-01-14 01:36:19] Wall time: init=0.0s, equil=45.05s, prod=44.81s, total=89.93s
[2026-01-14 01:36:19] 
[2026-01-14 01:36:19] ================================================================================
[2026-01-14 01:36:19] THESIS COMPARISON (Table 3.2 ReKMC row)
[2026-01-14 01:36:19] ================================================================================
[2026-01-14 01:36:19] Quantity      | Measured      | Target        | % Error
[2026-01-14 01:36:19] --------------------------------------------------------------------------------
[2026-01-14 01:36:19] N_A           |        399.93 |         345.1 |  15.89%
[2026-01-14 01:36:19] N_D           |          0.07 |          54.9 |  99.87%
[2026-01-14 01:36:19] N_F           |          0.07 |          54.9 |  99.87%
[2026-01-14 01:36:19] ρ_total       |        0.7665 |         0.766 |   0.06%
[2026-01-14 01:36:19] --------------------------------------------------------------------------------
[2026-01-14 01:36:20] 
[2026-01-14 01:36:20] JSON output written to: results\table3_2_A⇌D+F_seed12345.json
[2026-01-14 01:36:20] 
