[2026-01-11 18:16:19] ================================================================================
[2026-01-11 18:16:19] STATEPOINT ECHO
[2026-01-11 18:16:19] ================================================================================
[2026-01-11 18:16:19] Reaction: A⇌B
[2026-01-11 18:16:19] Stoichiometry: 1A +1B
[2026-01-11 18:16:19] Ensemble: NPT Reaction Ensemble MC (REMC)
[2026-01-11 18:16:19] Seed: 12345
[2026-01-11 18:16:19] T = 2.0
[2026-01-11 18:16:19] P = 5.0
[2026-01-11 18:16:19] rc = 2.5
[2026-01-11 18:16:19] LJ model: shifted (cut-and-shifted)
[2026-01-11 18:16:19] LRC: false
[2026-01-11 18:16:19] Mixing rule: Lorentz-Berthelot (σ_ab = (σ_a + σ_b)/2, ε_ab = sqrt(ε_a * ε_b))
[2026-01-11 18:16:19] 
[2026-01-11 18:16:19] Species parameters:
[2026-01-11 18:16:19]   A: σ=1.0, ε=1.0, q=0.002, logq=-6.214608
[2026-01-11 18:16:19]   B: σ=1.0, ε=1.0, q=0.002, logq=-6.214608
[2026-01-11 18:16:19] 
[2026-01-11 18:16:19] Initial composition:
[2026-01-11 18:16:19]   N_A = 400
[2026-01-11 18:16:19]   N_B = 0
[2026-01-11 18:16:19] Initial density guess: 0.75
[2026-01-11 18:16:19] 
[2026-01-11 18:16:19] Move parameters:
[2026-01-11 18:16:19]   Translation: max_disp = 0.1
[2026-01-11 18:16:19]   Volume: max_dlnV = 0.01, every 10 sweeps
[2026-01-11 18:16:19]   Reaction: p_reaction = 0.1 per sweep
[2026-01-11 18:16:19] 
[2026-01-11 18:16:19] Run lengths:
[2026-01-11 18:16:19]   Equilibration: 50000 sweeps
[2026-01-11 18:16:19]   Production: 50000 sweeps
[2026-01-11 18:16:19]   Sample every: 10
[2026-01-11 18:16:19]   Block size: 50
[2026-01-11 18:16:19] ================================================================================
[2026-01-11 18:16:19] 
[2026-01-11 18:16:19] Equilibration: 50000 sweeps...
[2026-01-11 18:19:46] Equilibration completed in 206.88 seconds
[2026-01-11 18:19:46] Production: 50000 sweeps...
[2026-01-11 18:23:13] Production completed in 207.37 seconds
[2026-01-11 18:23:13] 
[2026-01-11 18:23:13] Results:
[2026-01-11 18:23:13] --------------------------------------------------------------------------------
[2026-01-11 18:23:13] Species | Mean N | StdErr N
[2026-01-11 18:23:13] --------------------------------------------------------------------------------
[2026-01-11 18:23:13] A       |   198.76 |     0.91
[2026-01-11 18:23:13] B       |   201.24 |     0.91
[2026-01-11 18:23:13] V       | 522.4675 |   0.4143
[2026-01-11 18:23:13] ρ_total |   0.7656 |   0.0006
[2026-01-11 18:23:13] --------------------------------------------------------------------------------
[2026-01-11 18:23:13] Acceptance rates:
[2026-01-11 18:23:13]   Translation: 0.5938
[2026-01-11 18:23:13]   Volume: 0.7826
[2026-01-11 18:23:13]   Reaction: 1.0
[2026-01-11 18:23:13]   Reaction Forward (A→B): attempts=2488, accepted=2488, rate=1.0
[2026-01-11 18:23:13]   Reaction Reverse (B→A): attempts=2471, accepted=2471, rate=1.0
[2026-01-11 18:23:13] Timing (seconds):
[2026-01-11 18:23:13]   Initialization: 0.0
[2026-01-11 18:23:13]   Equilibration: 206.88
[2026-01-11 18:23:13]   Production: 207.37
[2026-01-11 18:23:13]   Total: 414.3
[2026-01-11 18:23:13] 
[2026-01-11 18:23:13] ================================================================================
[2026-01-11 18:23:13] FINAL SUMMARY
[2026-01-11 18:23:13] ================================================================================
[2026-01-11 18:23:13] Species counts:
[2026-01-11 18:23:13]   N_A = 198.76 ± 0.91
[2026-01-11 18:23:13]   N_B = 201.24 ± 0.91
[2026-01-11 18:23:13] Total density: ρ_total = 0.7656 ± 0.0006
[2026-01-11 18:23:13] Acceptance rates: translation=0.594, volume=0.783, reaction=1.0
[2026-01-11 18:23:13] Wall time: init=0.0s, equil=206.88s, prod=207.37s, total=414.3s
[2026-01-11 18:23:13] 
[2026-01-11 18:23:13] ================================================================================
[2026-01-11 18:23:13] THESIS COMPARISON (Table 3.2 ReKMC row)
[2026-01-11 18:23:13] ================================================================================
[2026-01-11 18:23:13] Quantity      | Measured      | Target        | % Error
[2026-01-11 18:23:13] --------------------------------------------------------------------------------
[2026-01-11 18:23:14] N_A           |        198.76 |         200.0 |   0.62%
[2026-01-11 18:23:14] N_B           |        201.24 |         200.0 |   0.62%
[2026-01-11 18:23:14] ρ_total       |        0.7656 |         0.766 |   0.05%
[2026-01-11 18:23:14] --------------------------------------------------------------------------------
[2026-01-11 18:23:15] 
[2026-01-11 18:23:15] JSON output written to: results\table3_2_A⇌B_seed12345.json
[2026-01-11 18:23:15] 
