[2026-01-12 20:32:36] ================================================================================
[2026-01-12 20:32:36] STATEPOINT ECHO
[2026-01-12 20:32:36] ================================================================================
[2026-01-12 20:32:36] Reaction: A⇌2E
[2026-01-12 20:32:36] Stoichiometry: 1A +2E
[2026-01-12 20:32:36] Ensemble: NPT Reaction Ensemble MC (REMC)
[2026-01-12 20:32:36] Seed: 12345
[2026-01-12 20:32:36] T = 2.0
[2026-01-12 20:32:36] P = 5.0
[2026-01-12 20:32:36] rc = 2.5
[2026-01-12 20:32:36] LJ model: shifted (cut-and-shifted)
[2026-01-12 20:32:36] LRC: false
[2026-01-12 20:32:36] Mixing rule: Lorentz-Berthelot (σ_ab = (σ_a + σ_b)/2, ε_ab = sqrt(ε_a * ε_b))
[2026-01-12 20:32:36] 
[2026-01-12 20:32:36] Species parameters:
[2026-01-12 20:32:36]   A: σ=1.0, ε=1.0, q=0.002, logq=-6.214608
[2026-01-12 20:32:36]   E: σ=1.1, ε=0.9, q=0.02, logq=-3.912023
[2026-01-12 20:32:36] 
[2026-01-12 20:32:36] Initial composition:
[2026-01-12 20:32:36]   N_A = 400
[2026-01-12 20:32:36]   N_E = 0
[2026-01-12 20:32:36] Initial density guess: 0.75
[2026-01-12 20:32:36] 
[2026-01-12 20:32:36] Move parameters:
[2026-01-12 20:32:36]   Translation: max_disp = 0.1
[2026-01-12 20:32:36]   Volume: max_dlnV = 0.01, every 10 sweeps
[2026-01-12 20:32:36]   Reaction: p_reaction = 1.0 per sweep
[2026-01-12 20:32:36] 
[2026-01-12 20:32:36] Run lengths:
[2026-01-12 20:32:36]   Equilibration: 20000 sweeps
[2026-01-12 20:32:36]   Production: 10000 sweeps
[2026-01-12 20:32:36]   Sample every: 10
[2026-01-12 20:32:36]   Block size: 50
[2026-01-12 20:32:36] ================================================================================
[2026-01-12 20:32:36] 
[2026-01-12 20:32:36] Equilibration: 20000 sweeps...
[2026-01-12 20:34:09] Equilibration completed in 93.42 seconds
[2026-01-12 20:34:09] Production: 10000 sweeps...
[2026-01-12 20:34:56] Production completed in 46.31 seconds
[2026-01-12 20:34:56] 
[2026-01-12 20:34:56] Results:
[2026-01-12 20:34:56] --------------------------------------------------------------------------------
[2026-01-12 20:34:56] Species | Mean N | StdErr N
[2026-01-12 20:34:56] --------------------------------------------------------------------------------
[2026-01-12 20:34:56] A       |   399.67 |      0.1
[2026-01-12 20:34:56] E       |     0.66 |     0.19
[2026-01-12 20:34:56] V       | 521.6396 |   1.1851
[2026-01-12 20:34:56] ρ_total |   0.7674 |   0.0017
[2026-01-12 20:34:56] --------------------------------------------------------------------------------
[2026-01-12 20:34:56] Acceptance rates:
[2026-01-12 20:34:56]   Translation: 0.5922
[2026-01-12 20:34:56]   Volume: 0.75
[2026-01-12 20:34:56]   Reaction: 0.0063
[2026-01-12 20:34:56]   Reaction Forward (A→2E): attempts=4966, accepted=21, rate=0.0042
[2026-01-12 20:34:56]   Reaction Reverse (2E→A): attempts=1417, accepted=19, rate=0.0134
[2026-01-12 20:34:56] Timing (seconds):
[2026-01-12 20:34:56]   Initialization: 0.0
[2026-01-12 20:34:56]   Equilibration: 93.42
[2026-01-12 20:34:56]   Production: 46.31
[2026-01-12 20:34:56]   Total: 139.74
[2026-01-12 20:34:56] 
[2026-01-12 20:34:56] ================================================================================
[2026-01-12 20:34:56] FINAL SUMMARY
[2026-01-12 20:34:56] ================================================================================
[2026-01-12 20:34:56] Species counts:
[2026-01-12 20:34:56]   N_A = 399.67 ± 0.1
[2026-01-12 20:34:56]   N_E = 0.66 ± 0.19
[2026-01-12 20:34:56] Total density: ρ_total = 0.7674 ± 0.0017
[2026-01-12 20:34:56] Acceptance rates: translation=0.592, volume=0.75, reaction=0.006
[2026-01-12 20:34:56] Wall time: init=0.0s, equil=93.42s, prod=46.31s, total=139.74s
[2026-01-12 20:34:56] 
[2026-01-12 20:34:56] ================================================================================
[2026-01-12 20:34:56] REACTION INSTRUMENTATION
[2026-01-12 20:34:56] ================================================================================
[2026-01-12 20:34:56] forward_committed: 21
[2026-01-12 20:34:56] reverse_committed: 19
[2026-01-12 20:34:56] immediate_undo: 0
[2026-01-12 20:34:56] max_N_E: 6
[2026-01-12 20:34:56] 
[2026-01-12 20:34:56] ================================================================================
[2026-01-12 20:34:56] THESIS COMPARISON (Table 3.2 ReKMC row)
[2026-01-12 20:34:56] ================================================================================
[2026-01-12 20:34:56] Quantity      | Measured      | Target        | % Error
[2026-01-12 20:34:56] --------------------------------------------------------------------------------
[2026-01-12 20:34:56] N_A           |        399.67 |         390.5 |   2.35%
[2026-01-12 20:34:56] N_E           |          0.66 |          19.0 |  96.52%
[2026-01-12 20:34:56] ρ_total       |        0.7674 |         0.757 |   1.38%
[2026-01-12 20:34:56] --------------------------------------------------------------------------------
[2026-01-12 20:34:56] 
[2026-01-12 20:34:56] JSON output written to: results\table3_2_A⇌2E_seed12345.json
[2026-01-12 20:34:56] 
