[2026-01-12 20:23:02] ================================================================================
[2026-01-12 20:23:02] STATEPOINT ECHO
[2026-01-12 20:23:02] ================================================================================
[2026-01-12 20:23:02] Reaction: A⇌C
[2026-01-12 20:23:02] Stoichiometry: 1A +1C
[2026-01-12 20:23:02] Ensemble: NPT Reaction Ensemble MC (REMC)
[2026-01-12 20:23:02] Seed: 12345
[2026-01-12 20:23:02] T = 2.0
[2026-01-12 20:23:02] P = 5.0
[2026-01-12 20:23:02] rc = 2.5
[2026-01-12 20:23:02] LJ model: shifted (cut-and-shifted)
[2026-01-12 20:23:02] LRC: false
[2026-01-12 20:23:02] Mixing rule: Lorentz-Berthelot (σ_ab = (σ_a + σ_b)/2, ε_ab = sqrt(ε_a * ε_b))
[2026-01-12 20:23:02] 
[2026-01-12 20:23:02] Species parameters:
[2026-01-12 20:23:02]   A: σ=1.0, ε=1.0, q=0.002, logq=-6.214608
[2026-01-12 20:23:02]   C: σ=1.1, ε=0.9, q=0.002, logq=-6.214608
[2026-01-12 20:23:02] 
[2026-01-12 20:23:02] Initial composition:
[2026-01-12 20:23:02]   N_A = 400
[2026-01-12 20:23:02]   N_C = 0
[2026-01-12 20:23:02] Initial density guess: 0.75
[2026-01-12 20:23:02] 
[2026-01-12 20:23:02] Move parameters:
[2026-01-12 20:23:02]   Translation: max_disp = 0.1
[2026-01-12 20:23:02]   Volume: max_dlnV = 0.01, every 10 sweeps
[2026-01-12 20:23:02]   Reaction: p_reaction = 1.0 per sweep
[2026-01-12 20:23:02] 
[2026-01-12 20:23:02] Run lengths:
[2026-01-12 20:23:02]   Equilibration: 20000 sweeps
[2026-01-12 20:23:02]   Production: 10000 sweeps
[2026-01-12 20:23:02]   Sample every: 10
[2026-01-12 20:23:02]   Block size: 50
[2026-01-12 20:23:02] ================================================================================
[2026-01-12 20:23:02] 
[2026-01-12 20:23:02] Equilibration: 20000 sweeps...
[2026-01-12 20:24:29] Equilibration completed in 87.47 seconds
[2026-01-12 20:24:29] Production: 10000 sweeps...
[2026-01-12 20:25:13] Production completed in 43.74 seconds
[2026-01-12 20:25:13] 
[2026-01-12 20:25:13] Results:
[2026-01-12 20:25:13] --------------------------------------------------------------------------------
[2026-01-12 20:25:13] Species | Mean N | StdErr N
[2026-01-12 20:25:13] --------------------------------------------------------------------------------
[2026-01-12 20:25:13] A       |    298.2 |     1.21
[2026-01-12 20:25:13] C       |    101.8 |     1.21
[2026-01-12 20:25:13] V       | 559.5454 |   1.4508
[2026-01-12 20:25:13] ρ_total |   0.7149 |   0.0019
[2026-01-12 20:25:13] --------------------------------------------------------------------------------
[2026-01-12 20:25:13] Acceptance rates:
[2026-01-12 20:25:13]   Translation: 0.5994
[2026-01-12 20:25:13]   Volume: 0.746
[2026-01-12 20:25:13]   Reaction: 0.2385
[2026-01-12 20:25:13]   Reaction Forward (A→C): attempts=5014, accepted=1200, rate=0.2393
[2026-01-12 20:25:13]   Reaction Reverse (C→A): attempts=4986, accepted=1185, rate=0.2377
[2026-01-12 20:25:13] Timing (seconds):
[2026-01-12 20:25:13]   Initialization: 0.0
[2026-01-12 20:25:13]   Equilibration: 87.47
[2026-01-12 20:25:13]   Production: 43.74
[2026-01-12 20:25:13]   Total: 131.22
[2026-01-12 20:25:13] 
[2026-01-12 20:25:13] ================================================================================
[2026-01-12 20:25:13] FINAL SUMMARY
[2026-01-12 20:25:13] ================================================================================
[2026-01-12 20:25:13] Species counts:
[2026-01-12 20:25:13]   N_A = 298.2 ± 1.21
[2026-01-12 20:25:13]   N_C = 101.8 ± 1.21
[2026-01-12 20:25:13] Total density: ρ_total = 0.7149 ± 0.0019
[2026-01-12 20:25:13] Acceptance rates: translation=0.599, volume=0.746, reaction=0.238
[2026-01-12 20:25:13] Wall time: init=0.0s, equil=87.47s, prod=43.74s, total=131.22s
[2026-01-12 20:25:13] 
[2026-01-12 20:25:13] ================================================================================
[2026-01-12 20:25:13] REACTION INSTRUMENTATION
[2026-01-12 20:25:13] ================================================================================
[2026-01-12 20:25:13] forward_committed: 1200
[2026-01-12 20:25:13] reverse_committed: 1185
[2026-01-12 20:25:13] immediate_undo: 0
[2026-01-12 20:25:13] 
[2026-01-12 20:25:13] ================================================================================
[2026-01-12 20:25:13] THESIS COMPARISON (Table 3.2 ReKMC row)
[2026-01-12 20:25:13] ================================================================================
[2026-01-12 20:25:13] Quantity      | Measured      | Target        | % Error
[2026-01-12 20:25:13] --------------------------------------------------------------------------------
[2026-01-12 20:25:13] N_A           |         298.2 |         297.7 |   0.17%
[2026-01-12 20:25:13] N_C           |         101.8 |         102.3 |   0.49%
[2026-01-12 20:25:13] ρ_total       |        0.7149 |         0.718 |   0.44%
[2026-01-12 20:25:13] --------------------------------------------------------------------------------
[2026-01-12 20:25:13] 
[2026-01-12 20:25:13] JSON output written to: results\table3_2_A⇌C_seed12345.json
[2026-01-12 20:25:13] 
