[2026-01-11 18:16:17] ================================================================================
[2026-01-11 18:16:17] Table 3.2 Reaction Ensemble Monte Carlo Benchmarks
[2026-01-11 18:16:17] ================================================================================
[2026-01-11 18:16:17] Seed: 12345
[2026-01-11 18:16:17] Equilibration sweeps: 50000
[2026-01-11 18:16:17] Production sweeps: 50000
[2026-01-11 18:16:17] Sample every: 10
[2026-01-11 18:16:17] Block size: 50
[2026-01-11 18:16:17] p_reaction: 0.1
[2026-01-11 18:16:17] Initial density guess: 0.75
[2026-01-11 18:16:17] Output directory: results
[2026-01-11 18:16:17] Log file: results\table3_2_run.log
[2026-01-11 18:16:17] Running all reactions
[2026-01-11 18:16:17] 
[2026-01-11 18:16:17] 
[2026-01-11 18:16:17] ================================================================================
[2026-01-11 18:16:17] Running: A⇌B
[2026-01-11 18:16:17] ================================================================================
[2026-01-11 18:23:15] A⇌B completed in 414.3 seconds
[2026-01-11 18:23:15] 
[2026-01-11 18:23:15] ================================================================================
[2026-01-11 18:23:15] Running: A⇌C
[2026-01-11 18:23:15] ================================================================================
[2026-01-11 18:29:51] A⇌C completed in 395.67 seconds
[2026-01-11 18:29:51] 
[2026-01-11 18:29:51] ================================================================================
[2026-01-11 18:29:51] Running: A⇌D+E
[2026-01-11 18:29:51] ================================================================================
====
