[2026-01-15 07:40:16] ================================================================================
[2026-01-15 07:40:16] STATEPOINT ECHO
[2026-01-15 07:40:16] ================================================================================
[2026-01-15 07:40:16] Reaction: A⇌2D
[2026-01-15 07:40:16] Stoichiometry: 1A +2D
[2026-01-15 07:40:16] Ensemble: NPT Reaction Ensemble MC (REMC)
[2026-01-15 07:40:16] Seed: 12345
[2026-01-15 07:40:16] T = 2.0
[2026-01-15 07:40:16] P = 5.0
[2026-01-15 07:40:16] rc = 2.5
[2026-01-15 07:40:16] LJ model: shifted (cut-and-shifted)
[2026-01-15 07:40:16] LRC: false
[2026-01-15 07:40:16] Mixing rule: Lorentz-Berthelot (σ_ab = (σ_a + σ_b)/2, ε_ab = sqrt(ε_a * ε_b))
[2026-01-15 07:40:16] 
[2026-01-15 07:40:16] Species parameters:
[2026-01-15 07:40:16]   A: σ=1.0, ε=1.0, q=0.002, logq=-6.214608
[2026-01-15 07:40:16]   D: σ=1.0, ε=1.0, q=0.02, logq=-3.912023
[2026-01-15 07:40:16] 
[2026-01-15 07:40:16] Initial composition:
[2026-01-15 07:40:16]   N_A = 400
[2026-01-15 07:40:16]   N_D = 0
[2026-01-15 07:40:16] Initial density guess: 0.75
[2026-01-15 07:40:16] 
[2026-01-15 07:40:16] Move parameters:
[2026-01-15 07:40:16]   Translation: max_disp = 0.1
[2026-01-15 07:40:16]   Volume: max_dlnV = 0.01, every 10 sweeps
[2026-01-15 07:40:16]   Reaction: p_reaction = 1.0 per sweep
[2026-01-15 07:40:16] 
[2026-01-15 07:40:16] Run lengths:
[2026-01-15 07:40:16]   Equilibration: 2000000 sweeps
[2026-01-15 07:40:16]   Production: 2000000 sweeps
[2026-01-15 07:40:16]   Sample every: 10
[2026-01-15 07:40:16]   Block size: 50
[2026-01-15 07:40:16] ================================================================================
[2026-01-15 07:40:16] 
[2026-01-15 07:40:16] 
[2026-01-15 07:40:16] Insertion mode settings:
[2026-01-15 07:40:16]   CLI insertion_mode: standard_remc
[2026-01-15 07:40:16]   Effective insertion_mode for A⇌2D: standard_remc
[2026-01-15 07:40:16] Equilibration: 2000000 sweeps...
[2026-01-15 10:35:23] Equilibration completed in 10506.51 seconds
[2026-01-15 10:35:23] STATE_FINGERPRINT_EQUIL_END: seed=12345 sweep=2000000 N_A=375 N_D=50 N_F=0 V=547.816133 rho_total=0.775808 L=8.182354 hash=2287700809169180077
[2026-01-15 10:35:23] RNG_FINGERPRINT_EQUIL_END: token=(4067391600508621000, 18246389500728803366, 17966052684870872308, 505698057816974346)
[2026-01-15 10:35:23] STATE_FINGERPRINT_PROD_START: seed=12345 sweep=0 N_A=375 N_D=50 N_F=0 V=547.816133 rho_total=0.775808 L=8.182354 hash=2287700809169180077
[2026-01-15 10:35:23] RNG_FINGERPRINT_PROD_START: token=(4067391600508621000, 18246389500728803366, 17966052684870872308, 505698057816974346)
[2026-01-15 10:35:23] Production: 2000000 sweeps...
[2026-01-15 13:36:15] Production completed in 10852.32 seconds
[2026-01-15 13:36:15] 
[2026-01-15 13:36:15] Results:
[2026-01-15 13:36:15] --------------------------------------------------------------------------------
[2026-01-15 13:36:15] Species | Mean N | StdErr N
[2026-01-15 13:36:15] --------------------------------------------------------------------------------
[2026-01-15 13:36:15] A       |   373.44 |     0.02
[2026-01-15 13:36:15] D       |    53.13 |     0.03
[2026-01-15 13:36:15] V       | 556.8404 |   0.0846
[2026-01-15 13:36:15] ρ_total |    0.766 |   0.0001
[2026-01-15 13:36:15] --------------------------------------------------------------------------------
[2026-01-15 13:36:15] Acceptance rates:
[2026-01-15 13:36:15]   Translation: 0.5935
[2026-01-15 13:36:15]   Volume: 0.7665
[2026-01-15 13:36:15]   Reaction: 0.0
[2026-01-15 13:36:15]   Reaction Forward (A→B): attempts=1001593, accepted=25, rate=0.0
[2026-01-15 13:36:15]   Reaction Reverse (B→A): attempts=998407, accepted=21, rate=0.0
[2026-01-15 13:36:15] Timing (seconds):
[2026-01-15 13:36:15]   Initialization: 0.0
[2026-01-15 13:36:15]   Equilibration: 10506.51
[2026-01-15 13:36:15]   Production: 10852.32
[2026-01-15 13:36:15]   Total: 21358.9
[2026-01-15 13:36:15] 
[2026-01-15 13:36:15] ================================================================================
[2026-01-15 13:36:15] FINAL SUMMARY
[2026-01-15 13:36:15] ================================================================================
[2026-01-15 13:36:15] Species counts:
[2026-01-15 13:36:15]   N_A = 373.44 ± 0.02
[2026-01-15 13:36:15]   N_D = 53.13 ± 0.03
[2026-01-15 13:36:15] Total density: ρ_total = 0.766 ± 0.0001
[2026-01-15 13:36:15] Acceptance rates: translation=0.593, volume=0.767, reaction=0.0
[2026-01-15 13:36:15] Wall time: init=0.0s, equil=10506.51s, prod=10852.32s, total=21358.9s
[2026-01-15 13:36:15] 
[2026-01-15 13:36:15] ================================================================================
[2026-01-15 13:36:15] THESIS COMPARISON (Table 3.2 ReKMC row)
[2026-01-15 13:36:15] ================================================================================
[2026-01-15 13:36:15] Quantity      | Measured      | Target        | % Error
[2026-01-15 13:36:15] --------------------------------------------------------------------------------
[2026-01-15 13:36:15] N_A           |        373.44 |         372.2 |   0.33%
[2026-01-15 13:36:15] N_D           |         53.13 |          55.7 |   4.62%
[2026-01-15 13:36:15] ρ_total       |         0.766 |         0.766 |   0.01%
[2026-01-15 13:36:15] --------------------------------------------------------------------------------
[2026-01-15 13:36:17] 
[2026-01-15 13:36:17] JSON output written to: results\table3_2_A⇌2D_seed12345.json
[2026-01-15 13:36:17] 
