[2026-01-11 13:24:02] ================================================================================
[2026-01-11 13:24:02] STATEPOINT ECHO
[2026-01-11 13:24:02] ================================================================================
[2026-01-11 13:24:02] Reaction: A⇌B
[2026-01-11 13:24:02] Stoichiometry: 1A +1B
[2026-01-11 13:24:02] Ensemble: NPT Reaction Ensemble MC (REMC)
[2026-01-11 13:24:02] Seed: 12345
[2026-01-11 13:24:02] T = 2.0
[2026-01-11 13:24:02] P = 5.0
[2026-01-11 13:24:02] rc = 2.5
[2026-01-11 13:24:02] LJ model: shifted (cut-and-shifted)
[2026-01-11 13:24:02] LRC: false
[2026-01-11 13:24:02] Mixing rule: Lorentz-Berthelot (σ_ab = (σ_a + σ_b)/2, ε_ab = sqrt(ε_a * ε_b))
[2026-01-11 13:24:02] 
[2026-01-11 13:24:02] Species parameters:
[2026-01-11 13:24:02]   A: σ=1.0, ε=1.0, q=0.002, logq=-6.214608
[2026-01-11 13:24:02]   B: σ=1.0, ε=1.0, q=0.002, logq=-6.214608
[2026-01-11 13:24:02] 
[2026-01-11 13:24:02] Initial composition:
[2026-01-11 13:24:02]   N_A = 400
[2026-01-11 13:24:02]   N_B = 0
[2026-01-11 13:24:02] Initial density guess: 0.75
[2026-01-11 13:24:02] 
[2026-01-11 13:24:02] Move parameters:
[2026-01-11 13:24:02]   Translation: max_disp = 0.1
[2026-01-11 13:24:02]   Volume: max_dlnV = 0.01, every 10 sweeps
[2026-01-11 13:24:02]   Reaction: p_reaction = 0.1 per sweep
[2026-01-11 13:24:02] 
[2026-01-11 13:24:02] Run lengths:
[2026-01-11 13:24:02]   Equilibration: 500000 sweeps
[2026-01-11 13:24:02]   Production: 500000 sweeps
[2026-01-11 13:24:02]   Sample every: 10
[2026-01-11 13:24:02]   Block size: 50
[2026-01-11 13:24:02] ================================================================================
[2026-01-11 13:24:02] 
[2026-01-11 13:24:02] Equilibration: 500000 sweeps...
