[2026-01-12 19:49:21] ================================================================================
[2026-01-12 19:49:21] STATEPOINT ECHO
[2026-01-12 19:49:21] ================================================================================
[2026-01-12 19:49:21] Reaction: A⇌2E
[2026-01-12 19:49:21] Stoichiometry: 1A +2E
[2026-01-12 19:49:21] Ensemble: NPT Reaction Ensemble MC (REMC)
[2026-01-12 19:49:21] Seed: 12345
[2026-01-12 19:49:21] T = 2.0
[2026-01-12 19:49:21] P = 5.0
[2026-01-12 19:49:21] rc = 2.5
[2026-01-12 19:49:21] LJ model: shifted (cut-and-shifted)
[2026-01-12 19:49:21] LRC: false
[2026-01-12 19:49:21] Mixing rule: Lorentz-Berthelot (σ_ab = (σ_a + σ_b)/2, ε_ab = sqrt(ε_a * ε_b))
[2026-01-12 19:49:21] 
[2026-01-12 19:49:21] Species parameters:
[2026-01-12 19:49:21]   A: σ=1.0, ε=1.0, q=0.002, logq=-6.214608
[2026-01-12 19:49:21]   E: σ=1.1, ε=0.9, q=0.02, logq=-3.912023
[2026-01-12 19:49:21] 
[2026-01-12 19:49:21] Initial composition:
[2026-01-12 19:49:21]   N_A = 400
[2026-01-12 19:49:21]   N_E = 0
[2026-01-12 19:49:21] Initial density guess: 0.75
[2026-01-12 19:49:21] 
[2026-01-12 19:49:21] Move parameters:
[2026-01-12 19:49:21]   Translation: max_disp = 0.1
[2026-01-12 19:49:21]   Volume: max_dlnV = 0.01, every 10 sweeps
[2026-01-12 19:49:21]   Reaction: p_reaction = 1.0 per sweep
[2026-01-12 19:49:21] 
[2026-01-12 19:49:21] Run lengths:
[2026-01-12 19:49:21]   Equilibration: 2000 sweeps
[2026-01-12 19:49:21]   Production: 4000 sweeps
[2026-01-12 19:49:21]   Sample every: 10
[2026-01-12 19:49:21]   Block size: 50
[2026-01-12 19:49:21] ================================================================================
[2026-01-12 19:49:21] 
[2026-01-12 19:49:21] Equilibration: 2000 sweeps...
[2026-01-12 19:49:30] Equilibration completed in 9.1 seconds
[2026-01-12 19:49:30] Production: 4000 sweeps...
[2026-01-12 19:49:49] Production completed in 19.07 seconds
[2026-01-12 19:49:49] 
[2026-01-12 19:49:49] Results:
[2026-01-12 19:49:49] --------------------------------------------------------------------------------
[2026-01-12 19:49:49] Species | Mean N | StdErr N
[2026-01-12 19:49:49] --------------------------------------------------------------------------------
[2026-01-12 19:49:49] A       |   399.45 |     0.14
[2026-01-12 19:49:49] E       |      1.1 |     0.29
[2026-01-12 19:49:49] V       | 522.7582 |   1.3583
[2026-01-12 19:49:49] ρ_total |   0.7662 |    0.002
[2026-01-12 19:49:49] --------------------------------------------------------------------------------
[2026-01-12 19:49:49] Acceptance rates:
[2026-01-12 19:49:49]   Translation: 0.5929
[2026-01-12 19:49:49]   Volume: 0.8
[2026-01-12 19:49:49]   Reaction: 0.0035
[2026-01-12 19:49:49]   Reaction Forward (A→2E): attempts=1989, accepted=6, rate=0.003
[2026-01-12 19:49:49]   Reaction Reverse (2E→A): attempts=1129, accepted=5, rate=0.0044
[2026-01-12 19:49:49] Timing (seconds):
[2026-01-12 19:49:49]   Initialization: 0.0
[2026-01-12 19:49:49]   Equilibration: 9.1
[2026-01-12 19:49:49]   Production: 19.07
[2026-01-12 19:49:49]   Total: 28.17
[2026-01-12 19:49:49] 
[2026-01-12 19:49:49] ================================================================================
[2026-01-12 19:49:49] FINAL SUMMARY
[2026-01-12 19:49:49] ================================================================================
[2026-01-12 19:49:49] Species counts:
[2026-01-12 19:49:49]   N_A = 399.45 ± 0.14
[2026-01-12 19:49:49]   N_E = 1.1 ± 0.29
[2026-01-12 19:49:49] Total density: ρ_total = 0.7662 ± 0.002
[2026-01-12 19:49:49] Acceptance rates: translation=0.593, volume=0.8, reaction=0.004
[2026-01-12 19:49:49] Wall time: init=0.0s, equil=9.1s, prod=19.07s, total=28.17s
[2026-01-12 19:49:49] 
[2026-01-12 19:49:49] ================================================================================
[2026-01-12 19:49:49] REACTION INSTRUMENTATION
[2026-01-12 19:49:49] ================================================================================
[2026-01-12 19:49:49] forward_committed: 6
[2026-01-12 19:49:49] reverse_committed: 5
[2026-01-12 19:49:49] immediate_undo: 0
[2026-01-12 19:49:49] max_N_E: 4
[2026-01-12 19:49:49] 
[2026-01-12 19:49:49] ================================================================================
[2026-01-12 19:49:49] THESIS COMPARISON (Table 3.2 ReKMC row)
[2026-01-12 19:49:49] ================================================================================
[2026-01-12 19:49:49] Quantity      | Measured      | Target        | % Error
[2026-01-12 19:49:49] --------------------------------------------------------------------------------
[2026-01-12 19:49:49] N_A           |        399.45 |         390.5 |   2.29%
[2026-01-12 19:49:49] N_E           |           1.1 |          19.0 |  94.21%
[2026-01-12 19:49:49] ρ_total       |        0.7662 |         0.757 |   1.22%
[2026-01-12 19:49:49] --------------------------------------------------------------------------------
[2026-01-12 19:49:49] 
[2026-01-12 19:49:49] JSON output written to: results\table3_2_A⇌2E_seed12345.json
[2026-01-12 19:49:49] 
