[2026-01-15 00:07:34] ================================================================================
[2026-01-15 00:07:34] STATEPOINT ECHO
[2026-01-15 00:07:34] ================================================================================
[2026-01-15 00:07:34] Reaction: A⇌D+F
[2026-01-15 00:07:34] Stoichiometry: 1A +1D +1F
[2026-01-15 00:07:34] Ensemble: NPT Reaction Ensemble MC (REMC)
[2026-01-15 00:07:34] Seed: 12345
[2026-01-15 00:07:34] T = 2.0
[2026-01-15 00:07:34] P = 5.0
[2026-01-15 00:07:34] rc = 2.5
[2026-01-15 00:07:34] LJ model: shifted (cut-and-shifted)
[2026-01-15 00:07:34] LRC: false
[2026-01-15 00:07:34] Mixing rule: Lorentz-Berthelot (σ_ab = (σ_a + σ_b)/2, ε_ab = sqrt(ε_a * ε_b))
[2026-01-15 00:07:34] 
[2026-01-15 00:07:34] Species parameters:
[2026-01-15 00:07:34]   A: σ=1.0, ε=1.0, q=0.002, logq=-6.214608
[2026-01-15 00:07:34]   D: σ=1.0, ε=1.0, q=0.02, logq=-3.912023
[2026-01-15 00:07:34]   F: σ=1.0, ε=1.0, q=0.02, logq=-3.912023
[2026-01-15 00:07:34] 
[2026-01-15 00:07:34] Initial composition:
[2026-01-15 00:07:34]   N_A = 400
[2026-01-15 00:07:34]   N_D = 0
[2026-01-15 00:07:34]   N_F = 0
[2026-01-15 00:07:34] Initial density guess: 0.75
[2026-01-15 00:07:34] 
[2026-01-15 00:07:34] Move parameters:
[2026-01-15 00:07:34]   Translation: max_disp = 0.1
[2026-01-15 00:07:34]   Volume: max_dlnV = 0.01, every 10 sweeps
[2026-01-15 00:07:34]   Reaction: p_reaction = 1.0 per sweep
[2026-01-15 00:07:34] 
[2026-01-15 00:07:34] Run lengths:
[2026-01-15 00:07:34]   Equilibration: 50000 sweeps
[2026-01-15 00:07:34]   Production: 10000 sweeps
[2026-01-15 00:07:34]   Sample every: 10
[2026-01-15 00:07:34]   Block size: 50
[2026-01-15 00:07:34] ================================================================================
[2026-01-15 00:07:34] 
[2026-01-15 00:07:34] 
[2026-01-15 00:07:34] Insertion mode settings:
[2026-01-15 00:07:34]   CLI insertion_mode: standard_remc
[2026-01-15 00:07:34]   Effective insertion_mode for A⇌D+F: standard_remc
[2026-01-15 00:07:34] Equilibration: 50000 sweeps...
[2026-01-15 00:12:48] Equilibration completed in 314.24 seconds
[2026-01-15 00:12:48] STATE_FINGERPRINT_EQUIL_END: seed=12345 sweep=50000 N_A=349 N_D=51 N_F=51 V=586.576449 rho_total=0.768868 L=8.370952 hash=3944313125538367240
[2026-01-15 00:12:48] RNG_FINGERPRINT_EQUIL_END: token=(14324424832274611279, 13292087273904146603, 9936870823106510245, 8350283409233657707)
[2026-01-15 00:12:48] STATE_FINGERPRINT_PROD_START: seed=12345 sweep=0 N_A=349 N_D=51 N_F=51 V=586.576449 rho_total=0.768868 L=8.370952 hash=3944313125538367240
[2026-01-15 00:12:48] RNG_FINGERPRINT_PROD_START: token=(14324424832274611279, 13292087273904146603, 9936870823106510245, 8350283409233657707)
[2026-01-15 00:12:48] Production: 10000 sweeps...
[2026-01-15 00:13:53] Production completed in 64.46 seconds
[2026-01-15 00:13:53] 
[2026-01-15 00:13:53] Results:
[2026-01-15 00:13:53] --------------------------------------------------------------------------------
[2026-01-15 00:13:53] Species | Mean N | StdErr N
[2026-01-15 00:13:53] --------------------------------------------------------------------------------
[2026-01-15 00:13:53] A       |   346.26 |      0.3
[2026-01-15 00:13:53] D       |    53.74 |      0.3
[2026-01-15 00:13:53] F       |    53.74 |      0.3
[2026-01-15 00:13:53] V       | 589.7167 |   0.9025
[2026-01-15 00:13:53] ρ_total |   0.7694 |   0.0012
[2026-01-15 00:13:53] --------------------------------------------------------------------------------
[2026-01-15 00:13:53] Acceptance rates:
[2026-01-15 00:13:53]   Translation: 0.5908
[2026-01-15 00:13:53]   Volume: 0.77
[2026-01-15 00:13:53]   Reaction: 0.005
[2026-01-15 00:13:53]   Reaction Forward (A→B): attempts=5066, accepted=26, rate=0.0051
[2026-01-15 00:13:53]   Reaction Reverse (B→A): attempts=4934, accepted=24, rate=0.0049
[2026-01-15 00:13:53] Timing (seconds):
[2026-01-15 00:13:53]   Initialization: 0.0
[2026-01-15 00:13:53]   Equilibration: 314.24
[2026-01-15 00:13:53]   Production: 64.46
[2026-01-15 00:13:53]   Total: 378.77
[2026-01-15 00:13:53] 
[2026-01-15 00:13:53] ================================================================================
[2026-01-15 00:13:53] FINAL SUMMARY
[2026-01-15 00:13:53] ================================================================================
[2026-01-15 00:13:53] Species counts:
[2026-01-15 00:13:53]   N_A = 346.26 ± 0.3
[2026-01-15 00:13:53]   N_D = 53.74 ± 0.3
[2026-01-15 00:13:53]   N_F = 53.74 ± 0.3
[2026-01-15 00:13:53] Total density: ρ_total = 0.7694 ± 0.0012
[2026-01-15 00:13:53] Acceptance rates: translation=0.591, volume=0.77, reaction=0.005
[2026-01-15 00:13:53] Wall time: init=0.0s, equil=314.24s, prod=64.46s, total=378.77s
[2026-01-15 00:13:53] 
[2026-01-15 00:13:53] ================================================================================
[2026-01-15 00:13:53] THESIS COMPARISON (Table 3.2 ReKMC row)
[2026-01-15 00:13:53] ================================================================================
[2026-01-15 00:13:53] Quantity      | Measured      | Target        | % Error
[2026-01-15 00:13:53] --------------------------------------------------------------------------------
[2026-01-15 00:13:53] N_A           |        346.26 |         345.1 |   0.34%
[2026-01-15 00:13:53] N_D           |         53.74 |          54.9 |   2.12%
[2026-01-15 00:13:53] N_F           |         53.74 |          54.9 |   2.12%
[2026-01-15 00:13:53] ρ_total       |        0.7694 |         0.766 |   0.45%
[2026-01-15 00:13:53] --------------------------------------------------------------------------------
[2026-01-15 00:13:55] 
[2026-01-15 00:13:55] JSON output written to: results\table3_2_A⇌D+F_seed12345.json
[2026-01-15 00:13:55] 
