[2026-01-15 01:09:33] ================================================================================
[2026-01-15 01:09:33] STATEPOINT ECHO
[2026-01-15 01:09:33] ================================================================================
[2026-01-15 01:09:33] Reaction: A⇌D+E
[2026-01-15 01:09:33] Stoichiometry: 1A +1D +1E
[2026-01-15 01:09:33] Ensemble: NPT Reaction Ensemble MC (REMC)
[2026-01-15 01:09:33] Seed: 12345
[2026-01-15 01:09:33] T = 2.0
[2026-01-15 01:09:33] P = 5.0
[2026-01-15 01:09:33] rc = 2.5
[2026-01-15 01:09:33] LJ model: shifted (cut-and-shifted)
[2026-01-15 01:09:33] LRC: false
[2026-01-15 01:09:33] Mixing rule: Lorentz-Berthelot (σ_ab = (σ_a + σ_b)/2, ε_ab = sqrt(ε_a * ε_b))
[2026-01-15 01:09:33] 
[2026-01-15 01:09:33] Species parameters:
[2026-01-15 01:09:33]   A: σ=1.0, ε=1.0, q=0.002, logq=-6.214608
[2026-01-15 01:09:33]   D: σ=1.0, ε=1.0, q=0.02, logq=-3.912023
[2026-01-15 01:09:33]   E: σ=1.1, ε=0.9, q=0.02, logq=-3.912023
[2026-01-15 01:09:33] 
[2026-01-15 01:09:33] Initial composition:
[2026-01-15 01:09:33]   N_A = 400
[2026-01-15 01:09:33]   N_D = 0
[2026-01-15 01:09:33]   N_E = 0
[2026-01-15 01:09:33] Initial density guess: 0.75
[2026-01-15 01:09:33] 
[2026-01-15 01:09:33] Move parameters:
[2026-01-15 01:09:33]   Translation: max_disp = 0.1
[2026-01-15 01:09:33]   Volume: max_dlnV = 0.01, every 10 sweeps
[2026-01-15 01:09:33]   Reaction: p_reaction = 1.0 per sweep
[2026-01-15 01:09:33] 
[2026-01-15 01:09:33] Run lengths:
[2026-01-15 01:09:33]   Equilibration: 50000 sweeps
[2026-01-15 01:09:33]   Production: 10000 sweeps
[2026-01-15 01:09:33]   Sample every: 10
[2026-01-15 01:09:33]   Block size: 50
[2026-01-15 01:09:33] ================================================================================
[2026-01-15 01:09:33] 
[2026-01-15 01:09:33] 
[2026-01-15 01:09:33] Insertion mode settings:
[2026-01-15 01:09:33]   CLI insertion_mode: standard_remc
[2026-01-15 01:09:33]   Effective insertion_mode for A⇌D+E: anchored
[2026-01-15 01:09:33] Equilibration: 50000 sweeps...
[2026-01-15 01:13:37] Equilibration completed in 244.02 seconds
[2026-01-15 01:13:37] STATE_FINGERPRINT_EQUIL_END: seed=12345 sweep=50000 N_A=397 N_D=3 N_F=0 V=535.046415 rho_total=0.753206 L=8.118276 hash=2156532191630702718
[2026-01-15 01:13:37] RNG_FINGERPRINT_EQUIL_END: token=(4956737627685725977, 13709612119623085444, 14535659441864980441, 3274962912797292851)
[2026-01-15 01:13:37] STATE_FINGERPRINT_PROD_START: seed=12345 sweep=0 N_A=397 N_D=3 N_F=0 V=535.046415 rho_total=0.753206 L=8.118276 hash=2156532191630702718
[2026-01-15 01:13:37] RNG_FINGERPRINT_PROD_START: token=(4956737627685725977, 13709612119623085444, 14535659441864980441, 3274962912797292851)
[2026-01-15 01:13:37] Production: 10000 sweeps...
[2026-01-15 01:14:26] Production completed in 49.58 seconds
[2026-01-15 01:14:26] 
[2026-01-15 01:14:26] Results:
[2026-01-15 01:14:26] --------------------------------------------------------------------------------
[2026-01-15 01:14:26] Species | Mean N | StdErr N
[2026-01-15 01:14:26] --------------------------------------------------------------------------------
[2026-01-15 01:14:26] A       |    397.0 |      0.0
[2026-01-15 01:14:26] D       |      3.0 |      0.0
[2026-01-15 01:14:26] E       |      3.0 |      0.0
[2026-01-15 01:14:26] V       | 527.5097 |   0.8937
[2026-01-15 01:14:26] ρ_total |    0.764 |   0.0013
[2026-01-15 01:14:26] --------------------------------------------------------------------------------
[2026-01-15 01:14:26] Acceptance rates:
[2026-01-15 01:14:26]   Translation: 0.5936
[2026-01-15 01:14:26]   Volume: 0.794
[2026-01-15 01:14:26]   Reaction: 0.0
[2026-01-15 01:14:26]   Reaction Forward (A→B): attempts=4974, accepted=0, rate=0.0
[2026-01-15 01:14:26]   Reaction Reverse (B→A): attempts=5026, accepted=0, rate=0.0
[2026-01-15 01:14:26] Timing (seconds):
[2026-01-15 01:14:26]   Initialization: 0.0
[2026-01-15 01:14:26]   Equilibration: 244.02
[2026-01-15 01:14:26]   Production: 49.58
[2026-01-15 01:14:26]   Total: 293.66
[2026-01-15 01:14:26] 
[2026-01-15 01:14:26] ================================================================================
[2026-01-15 01:14:26] FINAL SUMMARY
[2026-01-15 01:14:26] ================================================================================
[2026-01-15 01:14:26] Species counts:
[2026-01-15 01:14:26]   N_A = 397.0 ± 0.0
[2026-01-15 01:14:26]   N_D = 3.0 ± 0.0
[2026-01-15 01:14:26]   N_E = 3.0 ± 0.0
[2026-01-15 01:14:26] Total density: ρ_total = 0.764 ± 0.0013
[2026-01-15 01:14:26] Acceptance rates: translation=0.594, volume=0.794, reaction=0.0
[2026-01-15 01:14:26] Wall time: init=0.0s, equil=244.02s, prod=49.58s, total=293.66s
[2026-01-15 01:14:26] 
[2026-01-15 01:14:26] ================================================================================
[2026-01-15 01:14:26] THESIS COMPARISON (Table 3.2 ReKMC row)
[2026-01-15 01:14:26] ================================================================================
[2026-01-15 01:14:26] Quantity      | Measured      | Target        | % Error
[2026-01-15 01:14:26] --------------------------------------------------------------------------------
[2026-01-15 01:14:26] N_A           |         397.0 |         367.4 |   8.06%
[2026-01-15 01:14:26] N_D           |           3.0 |          32.6 |   90.8%
[2026-01-15 01:14:26] N_E           |           3.0 |          32.6 |   90.8%
[2026-01-15 01:14:26] ρ_total       |         0.764 |         0.751 |   1.73%
[2026-01-15 01:14:26] --------------------------------------------------------------------------------
[2026-01-15 01:14:28] 
[2026-01-15 01:14:28] JSON output written to: results\table3_2_A⇌D+E_seed12345.json
[2026-01-15 01:14:28] 
