[2026-01-15 00:33:31] ================================================================================
[2026-01-15 00:33:31] STATEPOINT ECHO
[2026-01-15 00:33:31] ================================================================================
[2026-01-15 00:33:31] Reaction: A⇌C
[2026-01-15 00:33:31] Stoichiometry: 1A +1C
[2026-01-15 00:33:31] Ensemble: NPT Reaction Ensemble MC (REMC)
[2026-01-15 00:33:31] Seed: 12345
[2026-01-15 00:33:31] T = 2.0
[2026-01-15 00:33:31] P = 5.0
[2026-01-15 00:33:31] rc = 2.5
[2026-01-15 00:33:31] LJ model: shifted (cut-and-shifted)
[2026-01-15 00:33:31] LRC: false
[2026-01-15 00:33:31] Mixing rule: Lorentz-Berthelot (σ_ab = (σ_a + σ_b)/2, ε_ab = sqrt(ε_a * ε_b))
[2026-01-15 00:33:31] 
[2026-01-15 00:33:31] Species parameters:
[2026-01-15 00:33:31]   A: σ=1.0, ε=1.0, q=0.002, logq=-6.214608
[2026-01-15 00:33:31]   C: σ=1.1, ε=0.9, q=0.002, logq=-6.214608
[2026-01-15 00:33:31] 
[2026-01-15 00:33:31] Initial composition:
[2026-01-15 00:33:31]   N_A = 400
[2026-01-15 00:33:31]   N_C = 0
[2026-01-15 00:33:31] Initial density guess: 0.75
[2026-01-15 00:33:31] 
[2026-01-15 00:33:31] Move parameters:
[2026-01-15 00:33:31]   Translation: max_disp = 0.1
[2026-01-15 00:33:31]   Volume: max_dlnV = 0.01, every 10 sweeps
[2026-01-15 00:33:31]   Reaction: p_reaction = 1.0 per sweep
[2026-01-15 00:33:31] 
[2026-01-15 00:33:31] Run lengths:
[2026-01-15 00:33:31]   Equilibration: 100000 sweeps
[2026-01-15 00:33:31]   Production: 100000 sweeps
[2026-01-15 00:33:31]   Sample every: 10
[2026-01-15 00:33:31]   Block size: 50
[2026-01-15 00:33:31] ================================================================================
[2026-01-15 00:33:31] 
[2026-01-15 00:33:31] 
[2026-01-15 00:33:31] Insertion mode settings:
[2026-01-15 00:33:31]   CLI insertion_mode: standard_remc
[2026-01-15 00:33:31]   Effective insertion_mode for A⇌C: anchored
[2026-01-15 00:33:31] Equilibration: 100000 sweeps...
[2026-01-15 00:40:38] Equilibration completed in 427.24 seconds
[2026-01-15 00:40:38] STATE_FINGERPRINT_EQUIL_END: seed=12345 sweep=100000 N_A=304 N_D=0 N_F=0 V=561.772538 rho_total=0.712032 L=8.251258 hash=5842463496382680312
[2026-01-15 00:40:38] RNG_FINGERPRINT_EQUIL_END: token=(9583674140411206339, 612797394974483991, 8092219987352973197, 3570678590541512258)
[2026-01-15 00:40:38] STATE_FINGERPRINT_PROD_START: seed=12345 sweep=0 N_A=304 N_D=0 N_F=0 V=561.772538 rho_total=0.712032 L=8.251258 hash=5842463496382680312
[2026-01-15 00:40:38] RNG_FINGERPRINT_PROD_START: token=(9583674140411206339, 612797394974483991, 8092219987352973197, 3570678590541512258)
[2026-01-15 00:40:38] Production: 100000 sweeps...
[2026-01-15 00:47:49] Production completed in 430.94 seconds
[2026-01-15 00:47:49] 
[2026-01-15 00:47:49] Results:
[2026-01-15 00:47:49] --------------------------------------------------------------------------------
[2026-01-15 00:47:49] Species | Mean N | StdErr N
[2026-01-15 00:47:49] --------------------------------------------------------------------------------
[2026-01-15 00:47:49] A       |   299.24 |     0.54
[2026-01-15 00:47:49] C       |   100.76 |     0.54
[2026-01-15 00:47:49] V       | 556.0507 |   0.4242
[2026-01-15 00:47:49] ρ_total |   0.7194 |   0.0005
[2026-01-15 00:47:49] --------------------------------------------------------------------------------
[2026-01-15 00:47:49] Acceptance rates:
[2026-01-15 00:47:49]   Translation: 0.5974
[2026-01-15 00:47:49]   Volume: 0.778
[2026-01-15 00:47:49]   Reaction: 0.2424
[2026-01-15 00:47:49]   Reaction Forward (A→B): attempts=49785, accepted=12116, rate=0.2434
[2026-01-15 00:47:49]   Reaction Reverse (B→A): attempts=50215, accepted=12119, rate=0.2413
[2026-01-15 00:47:49] Timing (seconds):
[2026-01-15 00:47:49]   Initialization: 0.0
[2026-01-15 00:47:49]   Equilibration: 427.24
[2026-01-15 00:47:49]   Production: 430.94
[2026-01-15 00:47:49]   Total: 858.19
[2026-01-15 00:47:49] 
[2026-01-15 00:47:49] ================================================================================
[2026-01-15 00:47:49] FINAL SUMMARY
[2026-01-15 00:47:49] ================================================================================
[2026-01-15 00:47:49] Species counts:
[2026-01-15 00:47:49]   N_A = 299.24 ± 0.54
[2026-01-15 00:47:49]   N_C = 100.76 ± 0.54
[2026-01-15 00:47:49] Total density: ρ_total = 0.7194 ± 0.0005
[2026-01-15 00:47:49] Acceptance rates: translation=0.597, volume=0.778, reaction=0.242
[2026-01-15 00:47:49] Wall time: init=0.0s, equil=427.24s, prod=430.94s, total=858.19s
[2026-01-15 00:47:49] 
[2026-01-15 00:47:49] ================================================================================
[2026-01-15 00:47:49] THESIS COMPARISON (Table 3.2 ReKMC row)
[2026-01-15 00:47:49] ================================================================================
[2026-01-15 00:47:49] Quantity      | Measured      | Target        | % Error
[2026-01-15 00:47:49] --------------------------------------------------------------------------------
[2026-01-15 00:47:49] N_A           |        299.24 |         297.7 |   0.52%
[2026-01-15 00:47:49] N_C           |        100.76 |         102.3 |   1.51%
[2026-01-15 00:47:49] ρ_total       |        0.7194 |         0.718 |   0.19%
[2026-01-15 00:47:49] --------------------------------------------------------------------------------
[2026-01-15 00:47:49] 
[2026-01-15 00:47:49] JSON output written to: results\table3_2_A⇌C_seed12345.json
[2026-01-15 00:47:49] 
